// Jest Snapshot v1, https://goo.gl/fbAQLP

exports[`Does the full index/base page load?  Loaded in comparison to snapshot 1`] = `
<div
  className="grid"
>
  <div
    className="grid"
  >
    <div
      className="expanding_nav"
    >
      <img
        alt="Open Menu"
        className="menu_icon center"
        src="./assets/img/menu.png"
      />
      <ul
        className="nav"
      >
        <li
          className="menu_item"
        >
          <a
            className="nav-link"
            href="/"
            onClick={[Function]}
          >
            Home
          </a>
        </li>
        <li
          className="menu_item"
        >
          <a
            className="nav-link"
            href="/about"
            onClick={[Function]}
          >
            About
          </a>
        </li>
        <li
          className="menu_item"
        >
          <a
            className="nav-link"
            href="/contact"
            onClick={[Function]}
          >
            Contact
          </a>
        </li>
        <li
          className="menu_item"
        >
          <a
            className="nav-link"
            href="/projects"
            onClick={[Function]}
          >
            Projects
          </a>
        </li>
      </ul>
    </div>
  </div>
  <div
    className="main"
  >
    <header
      className="header row"
    >
      <a
        href="/"
      >
        <img
          className="logo"
          src="./assets/img/logo.png"
        />
      </a>
      <p>
        Suh Dude!
        <span>
          @JohnFasano
        </span>
      </p>
    </header>
    <article
      className="section row"
    >
      <p>
        Index
      </p>
    </article>
    <footer
      className="footer row"
    >
      <p>
        Footer
      </p>
    </footer>
  </div>
</div>
`;
